--------------------------------------------------------------------------------------
Timing Analyzer Summary
--------------------------------------------------------------------------------------

Type           : Worst-case tsu
Slack          : N/A
Required Time  : None
Actual Time    : 13.544 ns
From           : S0
To             : register-8:inst3|register-4:inst|inst
From Clock     : --
To Clock       : CPC
Failed Paths   : 0

Type           : Worst-case tco
Slack          : N/A
Required Time  : None
Actual Time    : 16.689 ns
From           : register-8:inst1|register-4:inst1|inst3
To             : C8
From Clock     : CPB
To Clock       : --
Failed Paths   : 0

Type           : Worst-case tpd
Slack          : N/A
Required Time  : None
Actual Time    : 21.063 ns
From           : S0
To             : C8
From Clock     : --
To Clock       : --
Failed Paths   : 0

Type           : Worst-case th
Slack          : N/A
Required Time  : None
Actual Time    : -0.542 ns
From           : M
To             : register-8:inst3|register-4:inst|inst1
From Clock     : --
To Clock       : CPC
Failed Paths   : 0

Type           : Total number of failed paths
Slack          : 
Required Time  : 
Actual Time    : 
From           : 
To             : 
From Clock     : 
To Clock       : 
Failed Paths   : 0

--------------------------------------------------------------------------------------

