--------------------------------------------------------------------------------------
Timing Analyzer Summary
--------------------------------------------------------------------------------------

Type           : Worst-case tsu
Slack          : N/A
Required Time  : None
Actual Time    : 5.614 ns
From           : CLRN
To             : counter_with_set_16:inst|inst6~_emulated
From Clock     : --
To Clock       : I6
Failed Paths   : 0

Type           : Worst-case tco
Slack          : N/A
Required Time  : None
Actual Time    : 28.796 ns
From           : counter_with_set_16:inst|inst6~_emulated
To             : O7
From Clock     : I0
To Clock       : --
Failed Paths   : 0

Type           : Worst-case tpd
Slack          : N/A
Required Time  : None
Actual Time    : 16.058 ns
From           : CLRN
To             : O7
From Clock     : --
To Clock       : --
Failed Paths   : 0

Type           : Worst-case th
Slack          : N/A
Required Time  : None
Actual Time    : 15.217 ns
From           : I6
To             : counter_with_set_16:inst|inst4~_emulated
From Clock     : --
To Clock       : I0
Failed Paths   : 0

Type           : Clock Setup: 'DFF'
Slack          : N/A
Required Time  : None
Actual Time    : 59.34 MHz ( period = 16.851 ns )
From           : counter_with_set_16:inst|inst6~_emulated
To             : counter_with_set_16:inst|inst6~_emulated
From Clock     : DFF
To Clock       : DFF
Failed Paths   : 0

Type           : Clock Setup: 'CLRN'
Slack          : N/A
Required Time  : None
Actual Time    : 65.69 MHz ( period = 15.223 ns )
From           : counter_with_set_16:inst|inst6~_emulated
To             : counter_with_set_16:inst|inst6~_emulated
From Clock     : CLRN
To Clock       : CLRN
Failed Paths   : 0

Type           : Clock Setup: 'I3'
Slack          : N/A
Required Time  : None
Actual Time    : 256.48 MHz ( period = 3.899 ns )
From           : counter_with_set_16:inst|inst2~_emulated
To             : counter_with_set_16:inst|inst2~_emulated
From Clock     : I3
To Clock       : I3
Failed Paths   : 0

Type           : Clock Setup: 'I0'
Slack          : N/A
Required Time  : None
Actual Time    : 258.80 MHz ( period = 3.864 ns )
From           : counter_with_set_16:inst|inst2~_emulated
To             : counter_with_set_16:inst|inst2~_emulated
From Clock     : I0
To Clock       : I0
Failed Paths   : 0

Type           : Clock Setup: 'I2'
Slack          : N/A
Required Time  : None
Actual Time    : 287.69 MHz ( period = 3.476 ns )
From           : counter_with_set_16:inst|inst2~_emulated
To             : counter_with_set_16:inst|inst2~_emulated
From Clock     : I2
To Clock       : I2
Failed Paths   : 0

Type           : Clock Setup: 'I4'
Slack          : N/A
Required Time  : None
Actual Time    : 288.43 MHz ( period = 3.467 ns )
From           : counter_with_set_16:inst|inst2~_emulated
To             : counter_with_set_16:inst|inst2~_emulated
From Clock     : I4
To Clock       : I4
Failed Paths   : 0

Type           : Clock Setup: 'I1'
Slack          : N/A
Required Time  : None
Actual Time    : 307.79 MHz ( period = 3.249 ns )
From           : counter_with_set_16:inst|inst2~_emulated
To             : counter_with_set_16:inst|inst2~_emulated
From Clock     : I1
To Clock       : I1
Failed Paths   : 0

Type           : Clock Setup: 'CP'
Slack          : N/A
Required Time  : None
Actual Time    : 309.12 MHz ( period = 3.235 ns )
From           : counter_with_set_16:inst|inst2~_emulated
To             : counter_with_set_16:inst|inst2~_emulated
From Clock     : CP
To Clock       : CP
Failed Paths   : 0

Type           : Clock Setup: 'I6'
Slack          : N/A
Required Time  : None
Actual Time    : Restricted to 360.10 MHz ( period = 2.777 ns )
From           : counter_with_set_16:inst|inst6~_emulated
To             : counter_with_set_16:inst|inst6~_emulated
From Clock     : I6
To Clock       : I6
Failed Paths   : 0

Type           : Clock Setup: 'I5'
Slack          : N/A
Required Time  : None
Actual Time    : Restricted to 360.10 MHz ( period = 2.777 ns )
From           : counter_with_set_16:inst|inst6~_emulated
To             : counter_with_set_16:inst|inst6~_emulated
From Clock     : I5
To Clock       : I5
Failed Paths   : 0

Type           : Clock Hold: 'DFF'
Slack          : Not operational: Clock Skew > Data Delay
Required Time  : None
Actual Time    : N/A
From           : counter_with_set_16:inst|inst6~_emulated
To             : counter_with_set_16:inst|inst6~_emulated
From Clock     : DFF
To Clock       : DFF
Failed Paths   : 5

Type           : Clock Hold: 'CLRN'
Slack          : Not operational: Clock Skew > Data Delay
Required Time  : None
Actual Time    : N/A
From           : counter_with_set_16:inst|inst6~_emulated
To             : counter_with_set_16:inst|inst6~_emulated
From Clock     : CLRN
To Clock       : CLRN
Failed Paths   : 5

Type           : Total number of failed paths
Slack          : 
Required Time  : 
Actual Time    : 
From           : 
To             : 
From Clock     : 
To Clock       : 
Failed Paths   : 10

--------------------------------------------------------------------------------------

