--------------------------------------------------------------------------------------
Timing Analyzer Summary
--------------------------------------------------------------------------------------

Type           : Worst-case tsu
Slack          : N/A
Required Time  : None
Actual Time    : 4.433 ns
From           : PRN
To             : inst2~_emulated
From Clock     : --
To Clock       : PRN
Failed Paths   : 0

Type           : Worst-case tco
Slack          : N/A
Required Time  : None
Actual Time    : 15.928 ns
From           : inst2~_emulated
To             : Q2
From Clock     : CP
To Clock       : --
Failed Paths   : 0

Type           : Worst-case tpd
Slack          : N/A
Required Time  : None
Actual Time    : 14.132 ns
From           : PRN
To             : Q2
From Clock     : --
To Clock       : --
Failed Paths   : 0

Type           : Worst-case th
Slack          : N/A
Required Time  : None
Actual Time    : 2.541 ns
From           : PRN
To             : inst1~_emulated
From Clock     : --
To Clock       : CP
Failed Paths   : 0

Type           : Clock Setup: 'PRN'
Slack          : N/A
Required Time  : None
Actual Time    : 211.60 MHz ( period = 4.726 ns )
From           : inst2~_emulated
To             : inst2~_emulated
From Clock     : PRN
To Clock       : PRN
Failed Paths   : 0

Type           : Clock Setup: 'CLRN'
Slack          : N/A
Required Time  : None
Actual Time    : 255.82 MHz ( period = 3.909 ns )
From           : inst2~_emulated
To             : inst2~_emulated
From Clock     : CLRN
To Clock       : CLRN
Failed Paths   : 0

Type           : Clock Setup: 'CP'
Slack          : N/A
Required Time  : None
Actual Time    : Restricted to 340.02 MHz ( period = 2.941 ns )
From           : inst2~_emulated
To             : inst2~_emulated
From Clock     : CP
To Clock       : CP
Failed Paths   : 0

Type           : Clock Hold: 'PRN'
Slack          : Not operational: Clock Skew > Data Delay
Required Time  : None
Actual Time    : N/A
From           : inst2~_emulated
To             : inst2~_emulated
From Clock     : PRN
To Clock       : PRN
Failed Paths   : 1

Type           : Total number of failed paths
Slack          : 
Required Time  : 
Actual Time    : 
From           : 
To             : 
From Clock     : 
To Clock       : 
Failed Paths   : 1

--------------------------------------------------------------------------------------

